// Jest Snapshot v1, https://goo.gl/fbAQLP

exports[`App component should render App 1`] = `
<body>
  <div>
    <div>
      <div>
        Header
      </div>
      <div
        class="main-container"
      >
        <div>
          Search Bar
        </div>
      </div>
    </div>
  </div>
</body>
`;
